// Jest Snapshot v1, https://goo.gl/fbAQLP

exports[`renderLinkCollection should append link 1`] = `
<article>
  <li>
    mock-link
  </li>
</article>
`;
