// Jest Snapshot v1, https://goo.gl/fbAQLP

exports[`renderGroup should append link 1`] = `
<section>
  <h2>
    Group Name
  </h2>
  <ul>
    <li>
      mock-link
    </li>
  </ul>
</section>
`;
